[     524ms] [VERBOSE] [DOM] Input elements should have autocomplete attributes (suggested: "current-password"): (More info: https://goo.gl/9p2vKq) %o @ http://localhost:5173/login:0
[     550ms] [WARNING] <Layout> was created with unknown prop 'params' @ http://localhost:5173/@fs/Users/josh/Projects/revuwr/node_modules/@sveltejs/kit/src/runtime/client/client.js?v=d7beac4f:3377
[     551ms] [WARNING] <Page> was created with unknown prop 'params' @ http://localhost:5173/@fs/Users/josh/Projects/revuwr/node_modules/@sveltejs/kit/src/runtime/client/client.js?v=d7beac4f:3377
[   14329ms] [WARNING] <Layout> was created with unknown prop 'params' @ http://localhost:5173/@fs/Users/josh/Projects/revuwr/node_modules/@sveltejs/kit/src/runtime/client/client.js?v=d7beac4f:3377
[   14330ms] [WARNING] <Layout> was created with unknown prop 'params' @ http://localhost:5173/@fs/Users/josh/Projects/revuwr/node_modules/@sveltejs/kit/src/runtime/client/client.js?v=d7beac4f:3377
[   14332ms] [WARNING] <Page> was created with unknown prop 'params' @ http://localhost:5173/@fs/Users/josh/Projects/revuwr/node_modules/@sveltejs/kit/src/runtime/client/client.js?v=d7beac4f:3377
[   18898ms] [ERROR] Failed to load resource: the server responded with a status of 500 (Internal Server Error) @ http://localhost:5173/:0
[   18919ms] [WARNING] <Layout> was created with unknown prop 'params' @ http://localhost:5173/@fs/Users/josh/Projects/revuwr/node_modules/@sveltejs/kit/src/runtime/client/client.js?v=d7beac4f:3377
[   18920ms] [WARNING] <Error> was created with unknown prop 'params' @ http://localhost:5173/@fs/Users/josh/Projects/revuwr/node_modules/@sveltejs/kit/src/runtime/client/client.js?v=d7beac4f:3377
[   20033ms] [ERROR] Failed to load resource: the server responded with a status of 500 (Internal Server Error) @ http://localhost:5173/:0
[   20045ms] [WARNING] <Layout> was created with unknown prop 'params' @ http://localhost:5173/@fs/Users/josh/Projects/revuwr/node_modules/@sveltejs/kit/src/runtime/client/client.js?v=d7beac4f:3377
[   20046ms] [WARNING] <Error> was created with unknown prop 'params' @ http://localhost:5173/@fs/Users/josh/Projects/revuwr/node_modules/@sveltejs/kit/src/runtime/client/client.js?v=d7beac4f:3377
[   26562ms] [ERROR] Failed to load resource: the server responded with a status of 500 (Internal Server Error) @ http://localhost:5173/:0
[   26582ms] [WARNING] <Layout> was created with unknown prop 'params' @ http://localhost:5173/@fs/Users/josh/Projects/revuwr/node_modules/@sveltejs/kit/src/runtime/client/client.js?v=d7beac4f:3377
[   26583ms] [WARNING] <Error> was created with unknown prop 'params' @ http://localhost:5173/@fs/Users/josh/Projects/revuwr/node_modules/@sveltejs/kit/src/runtime/client/client.js?v=d7beac4f:3377
[   30664ms] [ERROR] Failed to load resource: the server responded with a status of 500 (Internal Server Error) @ http://localhost:5173/:0
[   30676ms] [WARNING] <Layout> was created with unknown prop 'params' @ http://localhost:5173/@fs/Users/josh/Projects/revuwr/node_modules/@sveltejs/kit/src/runtime/client/client.js?v=d7beac4f:3377
[   30677ms] [WARNING] <Error> was created with unknown prop 'params' @ http://localhost:5173/@fs/Users/josh/Projects/revuwr/node_modules/@sveltejs/kit/src/runtime/client/client.js?v=d7beac4f:3377
[   31859ms] [ERROR] Failed to load resource: the server responded with a status of 500 (Internal Server Error) @ http://localhost:5173/:0
[   31877ms] [WARNING] <Layout> was created with unknown prop 'params' @ http://localhost:5173/@fs/Users/josh/Projects/revuwr/node_modules/@sveltejs/kit/src/runtime/client/client.js?v=d7beac4f:3377
[   31878ms] [WARNING] <Error> was created with unknown prop 'params' @ http://localhost:5173/@fs/Users/josh/Projects/revuwr/node_modules/@sveltejs/kit/src/runtime/client/client.js?v=d7beac4f:3377
